
> business-website@1.0.0 build
> next build

   ▲ Next.js 14.0.0

   Creating an optimized production build ...
 ⨯ about/page.tsx doesn't have a root layout. To fix this error, make sure every page has a root layout.
